// Jest Snapshot v1, https://goo.gl/fbAQLP

exports[`<BackgroundImage /> should render Background image 1`] = `
<styled.div>
  <styled.div />
</styled.div>
`;
