// Jest Snapshot v1, https://goo.gl/fbAQLP

exports[`<Title /> should render Title 1`] = `<styled.h2 />`;
